\BOOKMARK [1][-]{section.1}{\376\377\000A\000B\000S\000T\000R\000A\000C\000T}{}% 1
\BOOKMARK [1][-]{section.2}{\376\377\000A\000C\000K\000N\000O\000W\000L\000E\000D\000G\000E\000M\000E\000N\000T\000S}{}% 2
\BOOKMARK [1][-]{section.3}{\376\377\000I\000N\000T\000R\000O\000D\000U\000C\000T\000I\000O\000N}{}% 3
\BOOKMARK [2][-]{subsection.3.1}{\376\377\000P\000r\000o\000j\000e\000c\000t\000\040\000I\000n\000t\000e\000n\000t\000:\000\040\000W\000h\000a\000t\000\040\000i\000s\000\040\000S\000i\000d\000e\000Q\000u\000e\000s\000t\000?}{section.3}% 4
\BOOKMARK [2][-]{subsection.3.2}{\376\377\000D\000e\000s\000i\000g\000n\000\040\000P\000h\000i\000l\000o\000s\000o\000p\000h\000y}{section.3}% 5
\BOOKMARK [2][-]{subsection.3.3}{\376\377\000G\000u\000i\000d\000i\000n\000g\000\040\000Q\000u\000e\000s\000t\000i\000o\000n\000s}{section.3}% 6
\BOOKMARK [2][-]{subsection.3.4}{\376\377\000T\000e\000c\000h\000n\000i\000c\000a\000l\000\040\000A\000r\000c\000h\000i\000t\000e\000c\000t\000u\000r\000e}{section.3}% 7
\BOOKMARK [2][-]{subsection.3.5}{\376\377\000S\000i\000g\000n\000i\000f\000i\000c\000a\000n\000c\000e}{section.3}% 8
\BOOKMARK [1][-]{section.4}{\376\377\000M\000E\000D\000I\000A\000\040\000A\000N\000D\000\040\000L\000I\000T\000E\000R\000A\000T\000U\000R\000E\000\040\000R\000E\000V\000I\000E\000W}{}% 9
\BOOKMARK [1][-]{section.5}{\376\377\000S\000Y\000S\000T\000E\000M\000\040\000A\000R\000C\000H\000I\000T\000E\000C\000T\000U\000R\000E\000\040\000A\000N\000D\000\040\000D\000E\000S\000I\000G\000N}{}% 10
\BOOKMARK [2][-]{subsection.5.1}{\376\377\000F\000r\000o\000n\000t\000e\000n\000d\000:\000\040\000R\000e\000a\000c\000t\000\040\000N\000a\000t\000i\000v\000e\000\040\000w\000i\000t\000h\000\040\000E\000x\000p\000o}{section.5}% 11
\BOOKMARK [2][-]{subsection.5.2}{\376\377\000B\000a\000c\000k\000e\000n\000d\000:\000\040\000N\000o\000d\000e\000.\000j\000s\000\040\000w\000i\000t\000h\000\040\000E\000x\000p\000r\000e\000s\000s\000\040\000\050\000M\000E\000R\000N\000\051}{section.5}% 12
\BOOKMARK [2][-]{subsection.5.3}{\376\377\000D\000a\000t\000a\000b\000a\000s\000e\000\040\000a\000n\000d\000\040\000A\000u\000t\000h\000e\000n\000t\000i\000c\000a\000t\000i\000o\000n}{section.5}% 13
\BOOKMARK [2][-]{subsection.5.4}{\376\377\000D\000e\000p\000l\000o\000y\000m\000e\000n\000t\000,\000\040\000C\000o\000n\000t\000a\000i\000n\000e\000r\000i\000z\000a\000t\000i\000o\000n\000,\000\040\000a\000n\000d\000\040\000T\000e\000s\000t\000i\000n\000g}{section.5}% 14
\BOOKMARK [2][-]{subsection.5.5}{\376\377\000U\000s\000e\000r\000\040\000T\000e\000s\000t\000i\000n\000g\000\040\000a\000n\000d\000\040\000I\000t\000e\000r\000a\000t\000i\000o\000n}{section.5}% 15
\BOOKMARK [2][-]{subsection.5.6}{\376\377\000D\000e\000s\000i\000g\000n\000\040\000M\000e\000t\000h\000o\000d\000s\000\040}{section.5}% 16
\BOOKMARK [2][-]{subsection.5.7}{\376\377\000A\000I\000\040\000U\000s\000a\000g\000e\000\040\000I\000n\000\040\000M\000o\000d\000e\000r\000n\000\040\000D\000e\000v\000e\000l\000o\000p\000m\000e\000n\000t\000\040}{section.5}% 17
\BOOKMARK [1][-]{section.6}{\376\377\000F\000I\000N\000A\000L\000\040\000O\000U\000T\000C\000O\000M\000E}{}% 18
\BOOKMARK [2][-]{subsection.6.1}{\376\377\000C\000o\000n\000c\000e\000p\000t\000\040\000s\000t\000a\000t\000e\000m\000e\000n\000t}{section.6}% 19
\BOOKMARK [2][-]{subsection.6.2}{\376\377\000W\000h\000a\000t\000\040\000i\000s\000\040\000d\000e\000l\000i\000v\000e\000r\000e\000d\000\040\000\050\000a\000r\000t\000i\000f\000a\000c\000t\000\040\000i\000n\000v\000e\000n\000t\000o\000r\000y\000\051}{section.6}% 20
\BOOKMARK [2][-]{subsection.6.3}{\376\377\000U\000s\000e\000r\000\040\000E\000x\000p\000e\000r\000i\000e\000n\000c\000e\000\040\000W\000a\000l\000k\000t\000h\000r\000o\000u\000g\000h}{section.6}% 21
\BOOKMARK [1][-]{section.7}{\376\377\000R\000E\000F\000E\000R\000E\000N\000C\000E\000S}{}% 22
\BOOKMARK [1][-]{section.8}{\376\377\000A\000P\000P\000E\000N\000D\000I\000X}{}% 23
